Calculating task graph as no cached configuration is available for tasks: :app:testDebugUnitTest :app:lint :app:assembleRelease

> Configure project :app
WARNING: The option setting 'android.disallowKotlinSourceSets=false' is experimental.
The current default is 'true'.
This version only understands SDK XML versions up to 3 but an SDK XML file of version 4 was encountered. This can happen if you use versions of Android Studio and the command-line tools that were released at different times.
Checking the license for package Android SDK Platform 36.1 in /home/ubuntu/android-sdk/licenses
License for package Android SDK Platform 36.1 accepted.
Preparing "Install Android SDK Platform 36.1 (revision 1)".
"Install Android SDK Platform 36.1 (revision 1)" ready.
Installing Android SDK Platform 36.1 in /home/ubuntu/android-sdk/platforms/android-36.1
"Install Android SDK Platform 36.1 (revision 1)" complete.
"Install Android SDK Platform 36.1 (revision 1)" finished.
[=========                              ] 25%
FAILURE: Build failed with an exception.

* What went wrong:
Could not determine the dependencies of task ':app:testDebugUnitTest'.
> Could not create task ':app:compileDebugUnitTestJavaWithJavac'.
   > Failed to calculate the value of task ':app:compileDebugUnitTestJavaWithJavac' property 'javaCompiler'.
      > Toolchain installation '/usr/lib/jvm/java-21-openjdk-amd64' does not provide the required capabilities: [JAVA_COMPILER]

* Try:
> Run with --stacktrace option to get the stack trace.
> Run with --info or --debug option to get more log output.
> Run with --scan to get full insights from a Build Scan (powered by Develocity).
> Get more help at https://help.gradle.org.

BUILD FAILED in 9s
Configuration cache entry stored.
