Initialized native services in: /home/ubuntu/.gradle/native
Initialized jansi services in: /home/ubuntu/.gradle/native
To honour the JVM settings for this build a single-use Daemon process will be forked. For more on this, please refer to https://docs.gradle.org/9.3.1/userguide/gradle_daemon.html#sec:disabling_the_daemon in the Gradle documentation.
Starting process 'Gradle build daemon'. Working directory: /home/ubuntu/.gradle/daemon/9.3.1 Command: /usr/lib/jvm/java-21-openjdk-amd64/bin/java --add-opens=java.base/java.lang=ALL-UNNAMED --add-opens=java.base/java.lang.invoke=ALL-UNNAMED --add-opens=java.base/java.util=ALL-UNNAMED --add-opens=java.prefs/java.util.prefs=ALL-UNNAMED --add-exports=jdk.compiler/com.sun.tools.javac.api=ALL-UNNAMED --add-exports=jdk.compiler/com.sun.tools.javac.util=ALL-UNNAMED --add-opens=java.base/java.util=ALL-UNNAMED --add-opens=java.prefs/java.util.prefs=ALL-UNNAMED --add-opens=java.base/java.nio.charset=ALL-UNNAMED --add-opens=java.base/java.net=ALL-UNNAMED --add-opens=java.base/java.util.concurrent=ALL-UNNAMED --add-opens=java.base/java.util.concurrent.atomic=ALL-UNNAMED --add-opens=java.xml/javax.xml.namespace=ALL-UNNAMED --add-opens=java.base/java.time=ALL-UNNAMED -Xmx512m -Dfile.encoding=UTF-8 -Duser.country -Duser.language=en -Duser.variant -cp /home/ubuntu/.gradle/wrapper/dists/gradle-9.3.1-bin/23ovyewtku6u96viwx3xl3oks/gradle-9.3.1/lib/gradle-daemon-main-9.3.1.jar -javaagent:/home/ubuntu/.gradle/wrapper/dists/gradle-9.3.1-bin/23ovyewtku6u96viwx3xl3oks/gradle-9.3.1/lib/agents/gradle-instrumentation-agent-9.3.1.jar org.gradle.launcher.daemon.bootstrap.GradleDaemon 9.3.1
Successfully started process 'Gradle build daemon'
An attempt to start the daemon took 1.1 secs.
The client will now receive all logging from the daemon (pid: 6006). The daemon log file: /home/ubuntu/.gradle/daemon/9.3.1/daemon-6006.out.log
Daemon will be stopped at the end of the build
Using 1 worker leases.
Operational build model parameters: {requiresToolingModels=false, parallelProjectExecution=false, configureOnDemand=false, configurationCache=true, configurationCacheParallelStore=false, configurationCacheParallelLoad=true, isolatedProjects=false, parallelProjectConfiguration=false, intermediateModelCache=false, parallelToolingApiActions=false, invalidateCoupledProjects=false, modelAsProjectDependency=false, resilientModelBuilding=false}
Received JVM installation metadata from '/usr/lib/jvm/java-21-openjdk-amd64': {JAVA_HOME=/usr/lib/jvm/java-21-openjdk-amd64, JAVA_VERSION=21.0.12, JAVA_VENDOR=Ubuntu, RUNTIME_NAME=OpenJDK Runtime Environment, RUNTIME_VERSION=21.0.12+8-1-24.04-Ubuntu, VM_NAME=OpenJDK 64-Bit Server VM, VM_VERSION=21.0.12+8-1-24.04-Ubuntu, VM_VENDOR=Ubuntu, OS_ARCH=amd64}
Encryption key source: default Gradle keystore (pkcs12)
Reusing configuration cache.
Watching the file system is configured to be enabled if available
Now considering [/home/ubuntu/work/publikclip-repo/android] as hierarchies to watch
File system watching is active
Using local directory build cache for the root build (location = /home/ubuntu/.gradle/caches/build-cache-1, remove unused entries = after 7 days).
Tasks to be executed: [task ':app:preBuild', task ':app:preDebugBuild', task ':app:generateDebugBuildConfig', task ':app:generateDebugResources', task ':app:packageDebugResources', task ':app:processDebugNavigationResources', task ':app:parseDebugLocalResources', task ':app:generateDebugRFile', task ':app:kspDebugKotlin', task ':app:compileDebugKotlin', task ':app:javaPreCompileDebug', task ':app:compileDebugJavaWithJavac', task ':app:checkDebugAarMetadata', task ':app:mapDebugSourceSetPaths', task ':app:compileDebugNavigationResources', task ':app:mergeDebugResources', task ':app:createDebugCompatibleScreenManifests', task ':app:extractDeepLinksDebug', task ':app:processDebugMainManifest', task ':app:processDebugManifest', task ':app:processDebugManifestForPackage', task ':app:processDebugResources', task ':app:bundleDebugClassesToRuntimeJar', task ':app:bundleDebugClassesToCompileJar', task ':app:kspDebugUnitTestKotlin', task ':app:preDebugUnitTestBuild', task ':app:compileDebugUnitTestKotlin', task ':app:javaPreCompileDebugUnitTest', task ':app:compileDebugUnitTestJavaWithJavac', task ':app:generateDebugAssets', task ':app:mergeDebugAssets', task ':app:packageDebugUnitTestForUnitTest', task ':app:processDebugUnitTestManifest', task ':app:generateDebugUnitTestConfig', task ':app:processDebugJavaRes', task ':app:processDebugUnitTestJavaRes', task ':app:testDebugUnitTest', task ':app:finalizeTestRoborazziDebug']
Tasks that were excluded: []
Resolve mutations for :app:preBuild (Thread[#55,included builds,5,main]) started.
:app:preBuild (Thread[#55,included builds,5,main]) started.

> Task :app:preBuild UP-TO-DATE
Skipping task ':app:preBuild' as it has no actions.
Resolve mutations for :app:preDebugBuild (Thread[#55,included builds,5,main]) started.
:app:preDebugBuild (Thread[#55,included builds,5,main]) started.

> Task :app:preDebugBuild UP-TO-DATE
Skipping task ':app:preDebugBuild' as it has no actions.
Resolve mutations for :app:generateDebugBuildConfig (Thread[#55,included builds,5,main]) started.
Build 5e3f6f09-a87d-4d4e-b0ca-2499f83531dc is started
:app:generateDebugBuildConfig (Thread[#55,included builds,5,main]) started.

> Task :app:generateDebugBuildConfig UP-TO-DATE
Build cache key for task ':app:generateDebugBuildConfig' is eadc9524b93c2d549069818cea27217f
Skipping task ':app:generateDebugBuildConfig' as it is up-to-date.
Resolve mutations for :app:generateDebugResources (Thread[#55,included builds,5,main]) started.
:app:generateDebugResources (Thread[#55,included builds,5,main]) started.

> Task :app:generateDebugResources UP-TO-DATE
Build cache key for task ':app:generateDebugResources' is d46ec39b872d0c61d9bb34f6cbbdb973
Skipping task ':app:generateDebugResources' as it is up-to-date.
Resolve mutations for :app:packageDebugResources (Thread[#55,included builds,5,main]) started.
:app:packageDebugResources (Thread[#55,included builds,5,main]) started.

> Task :app:packageDebugResources UP-TO-DATE
Build cache key for task ':app:packageDebugResources' is 39ffb0fed4f95a8ae8a1cd7e0f68e01a
Skipping task ':app:packageDebugResources' as it is up-to-date.
Resolve mutations for :app:processDebugNavigationResources (Thread[#55,included builds,5,main]) started.
:app:processDebugNavigationResources (Thread[#55,included builds,5,main]) started.

> Task :app:processDebugNavigationResources UP-TO-DATE
Build cache key for task ':app:processDebugNavigationResources' is b93a438b08cd35849bb46f31d4f6e236
Skipping task ':app:processDebugNavigationResources' as it is up-to-date.
Resolve mutations for :app:parseDebugLocalResources (Thread[#55,included builds,5,main]) started.
:app:parseDebugLocalResources (Thread[#55,included builds,5,main]) started.

> Task :app:parseDebugLocalResources UP-TO-DATE
Build cache key for task ':app:parseDebugLocalResources' is b72f2413a4f5b328eed6e4e75fb0dc09
Skipping task ':app:parseDebugLocalResources' as it is up-to-date.
Resolve mutations for :app:generateDebugRFile (Thread[#55,included builds,5,main]) started.
:app:generateDebugRFile (Thread[#55,included builds,5,main]) started.

> Task :app:generateDebugRFile UP-TO-DATE
Build cache key for task ':app:generateDebugRFile' is 5feb3b5e31bce8ed699967e98851c259
Skipping task ':app:generateDebugRFile' as it is up-to-date.
Resolve mutations for :app:kspDebugKotlin (Thread[#55,included builds,5,main]) started.
:app:kspDebugKotlin (Thread[#55,included builds,5,main]) started.

> Task :app:kspDebugKotlin UP-TO-DATE
Build cache key for task ':app:kspDebugKotlin' is 32b9f621e2fc39527a29f1ab940a2984
Skipping task ':app:kspDebugKotlin' as it is up-to-date.
Resolve mutations for :app:compileDebugKotlin (Thread[#55,included builds,5,main]) started.
:app:compileDebugKotlin (Thread[#55,included builds,5,main]) started.

> Task :app:compileDebugKotlin UP-TO-DATE
file or directory '/home/ubuntu/work/publikclip-repo/android/app/src/main/kotlin', not found
file or directory '/home/ubuntu/work/publikclip-repo/android/app/src/debug/java', not found
file or directory '/home/ubuntu/work/publikclip-repo/android/app/src/debug/kotlin', not found
file or directory '/home/ubuntu/work/publikclip-repo/android/app/src/debug/java', not found
file or directory '/home/ubuntu/work/publikclip-repo/android/app/src/main/kotlin', not found
file or directory '/home/ubuntu/work/publikclip-repo/android/app/src/debug/java', not found
file or directory '/home/ubuntu/work/publikclip-repo/android/app/src/debug/kotlin', not found
file or directory '/home/ubuntu/work/publikclip-repo/android/app/src/debug/java', not found
file or directory '/home/ubuntu/work/publikclip-repo/android/app/src/main/kotlin', not found
file or directory '/home/ubuntu/work/publikclip-repo/android/app/src/debug/java', not found
file or directory '/home/ubuntu/work/publikclip-repo/android/app/src/debug/kotlin', not found
file or directory '/home/ubuntu/work/publikclip-repo/android/app/src/debug/java', not found
Build cache key for task ':app:compileDebugKotlin' is de424f0675d457ab5cdf6337c3f5f1c4
Skipping task ':app:compileDebugKotlin' as it is up-to-date.
Resolve mutations for :app:javaPreCompileDebug (Thread[#55,included builds,5,main]) started.
:app:javaPreCompileDebug (Thread[#55,included builds,5,main]) started.

> Task :app:javaPreCompileDebug UP-TO-DATE
Build cache key for task ':app:javaPreCompileDebug' is 121320fca881dcda5817075ba767a626
Skipping task ':app:javaPreCompileDebug' as it is up-to-date.
Resolve mutations for :app:compileDebugJavaWithJavac (Thread[#55,included builds,5,main]) started.
:app:compileDebugJavaWithJavac (Thread[#55,included builds,5,main]) started.

> Task :app:compileDebugJavaWithJavac UP-TO-DATE
Build cache key for task ':app:compileDebugJavaWithJavac' is 46c934ec1b4a12be27e0c7900f2381c1
Skipping task ':app:compileDebugJavaWithJavac' as it is up-to-date.
No compile result for :app:compileDebugJavaWithJavac
No compile result for :app:compileDebugJavaWithJavac
Resolve mutations for :app:checkDebugAarMetadata (Thread[#55,included builds,5,main]) started.
:app:checkDebugAarMetadata (Thread[#55,included builds,5,main]) started.

> Task :app:checkDebugAarMetadata UP-TO-DATE
Caching disabled for task ':app:checkDebugAarMetadata' because:
  Caching has been disabled for the task
Skipping task ':app:checkDebugAarMetadata' as it is up-to-date.
Resolve mutations for :app:mapDebugSourceSetPaths (Thread[#55,included builds,5,main]) started.
:app:mapDebugSourceSetPaths (Thread[#55,included builds,5,main]) started.

> Task :app:mapDebugSourceSetPaths UP-TO-DATE
Caching disabled for task ':app:mapDebugSourceSetPaths' because:
  Caching has been disabled for the task
Skipping task ':app:mapDebugSourceSetPaths' as it is up-to-date.
Resolve mutations for :app:compileDebugNavigationResources (Thread[#55,included builds,5,main]) started.
:app:compileDebugNavigationResources (Thread[#55,included builds,5,main]) started.

> Task :app:compileDebugNavigationResources UP-TO-DATE
Build cache key for task ':app:compileDebugNavigationResources' is 1c51d9c929ebbe4ca3fc4ad4758d33c1
Skipping task ':app:compileDebugNavigationResources' as it is up-to-date.
Resolve mutations for :app:mergeDebugResources (Thread[#55,included builds,5,main]) started.
:app:mergeDebugResources (Thread[#55,included builds,5,main]) started.

> Task :app:mergeDebugResources UP-TO-DATE
Build cache key for task ':app:mergeDebugResources' is 960b30f9bd7120e7a8a571946a794c68
Skipping task ':app:mergeDebugResources' as it is up-to-date.
Resolve mutations for :app:createDebugCompatibleScreenManifests (Thread[#55,included builds,5,main]) started.
:app:createDebugCompatibleScreenManifests (Thread[#55,included builds,5,main]) started.

> Task :app:createDebugCompatibleScreenManifests UP-TO-DATE
Caching disabled for task ':app:createDebugCompatibleScreenManifests' because:
  Caching has been disabled for the task
Skipping task ':app:createDebugCompatibleScreenManifests' as it is up-to-date.
Resolve mutations for :app:extractDeepLinksDebug (Thread[#55,included builds,5,main]) started.
:app:extractDeepLinksDebug (Thread[#55,included builds,5,main]) started.

> Task :app:extractDeepLinksDebug UP-TO-DATE
Build cache key for task ':app:extractDeepLinksDebug' is 4a4b405cc1f799df85a39defae48439e
Skipping task ':app:extractDeepLinksDebug' as it is up-to-date.
Resolve mutations for :app:processDebugMainManifest (Thread[#55,included builds,5,main]) started.
:app:processDebugMainManifest (Thread[#55,included builds,5,main]) started.

> Task :app:processDebugMainManifest UP-TO-DATE
Build cache key for task ':app:processDebugMainManifest' is ed21262ae66c8440f0120ef5179d4ab8
Skipping task ':app:processDebugMainManifest' as it is up-to-date.
Resolve mutations for :app:processDebugManifest (Thread[#55,included builds,5,main]) started.
:app:processDebugManifest (Thread[#55,included builds,5,main]) started.

> Task :app:processDebugManifest UP-TO-DATE
Build cache key for task ':app:processDebugManifest' is 7a58008888c78d095acd5456d6a2200e
Skipping task ':app:processDebugManifest' as it is up-to-date.
Resolve mutations for :app:processDebugManifestForPackage (Thread[#55,included builds,5,main]) started.
:app:processDebugManifestForPackage (Thread[#55,included builds,5,main]) started.

> Task :app:processDebugManifestForPackage UP-TO-DATE
Build cache key for task ':app:processDebugManifestForPackage' is a16f61e464994c51df9e6de41193a104
Skipping task ':app:processDebugManifestForPackage' as it is up-to-date.
Resolve mutations for :app:processDebugResources (Thread[#55,included builds,5,main]) started.
:app:processDebugResources (Thread[#55,included builds,5,main]) started.

> Task :app:processDebugResources UP-TO-DATE
Build cache key for task ':app:processDebugResources' is 8ef0dddb27d6605dfb8967c5b01774cf
Skipping task ':app:processDebugResources' as it is up-to-date.
Resolve mutations for :app:bundleDebugClassesToRuntimeJar (Thread[#55,included builds,5,main]) started.
:app:bundleDebugClassesToRuntimeJar (Thread[#55,included builds,5,main]) started.

> Task :app:bundleDebugClassesToRuntimeJar UP-TO-DATE
Caching disabled for task ':app:bundleDebugClassesToRuntimeJar' because:
  Caching has been disabled for the task
Skipping task ':app:bundleDebugClassesToRuntimeJar' as it is up-to-date.
Resolve mutations for :app:bundleDebugClassesToCompileJar (Thread[#55,included builds,5,main]) started.
:app:bundleDebugClassesToCompileJar (Thread[#55,included builds,5,main]) started.

> Task :app:bundleDebugClassesToCompileJar UP-TO-DATE
Caching disabled for task ':app:bundleDebugClassesToCompileJar' because:
  Caching has been disabled for the task
Skipping task ':app:bundleDebugClassesToCompileJar' as it is up-to-date.
work action resolve classes.jar (project :app) (Thread[#55,included builds,5,main]) started.
Resolve mutations for :app:kspDebugUnitTestKotlin (Thread[#55,included builds,5,main]) started.
:app:kspDebugUnitTestKotlin (Thread[#55,included builds,5,main]) started.

> Task :app:kspDebugUnitTestKotlin UP-TO-DATE
Build cache key for task ':app:kspDebugUnitTestKotlin' is f42a7c30bcd350d3652e2068f3f31562
Skipping task ':app:kspDebugUnitTestKotlin' as it is up-to-date.
Resolve mutations for :app:preDebugUnitTestBuild (Thread[#55,included builds,5,main]) started.
:app:preDebugUnitTestBuild (Thread[#55,included builds,5,main]) started.

> Task :app:preDebugUnitTestBuild UP-TO-DATE
Skipping task ':app:preDebugUnitTestBuild' as it has no actions.
Resolve mutations for :app:compileDebugUnitTestKotlin (Thread[#55,included builds,5,main]) started.
:app:compileDebugUnitTestKotlin (Thread[#55,included builds,5,main]) started.

> Task :app:compileDebugUnitTestKotlin UP-TO-DATE
file or directory '/home/ubuntu/work/publikclip-repo/android/app/src/test/kotlin', not found
file or directory '/home/ubuntu/work/publikclip-repo/android/app/src/testDebug/java', not found
file or directory '/home/ubuntu/work/publikclip-repo/android/app/src/testDebug/kotlin', not found
file or directory '/home/ubuntu/work/publikclip-repo/android/app/src/testDebug/java', not found
file or directory '/home/ubuntu/work/publikclip-repo/android/app/src/test/kotlin', not found
file or directory '/home/ubuntu/work/publikclip-repo/android/app/src/testDebug/java', not found
file or directory '/home/ubuntu/work/publikclip-repo/android/app/src/testDebug/kotlin', not found
file or directory '/home/ubuntu/work/publikclip-repo/android/app/src/testDebug/java', not found
file or directory '/home/ubuntu/work/publikclip-repo/android/app/src/test/kotlin', not found
file or directory '/home/ubuntu/work/publikclip-repo/android/app/src/testDebug/java', not found
file or directory '/home/ubuntu/work/publikclip-repo/android/app/src/testDebug/kotlin', not found
file or directory '/home/ubuntu/work/publikclip-repo/android/app/src/testDebug/java', not found
Build cache key for task ':app:compileDebugUnitTestKotlin' is 6edc3654182dfa15fb9631a4b166d109
Skipping task ':app:compileDebugUnitTestKotlin' as it is up-to-date.
Resolve mutations for :app:javaPreCompileDebugUnitTest (Thread[#55,included builds,5,main]) started.
:app:javaPreCompileDebugUnitTest (Thread[#55,included builds,5,main]) started.

> Task :app:javaPreCompileDebugUnitTest UP-TO-DATE
Build cache key for task ':app:javaPreCompileDebugUnitTest' is c6864543f8e5140fcd1e6e977fbf07c1
Skipping task ':app:javaPreCompileDebugUnitTest' as it is up-to-date.
Resolve mutations for :app:compileDebugUnitTestJavaWithJavac (Thread[#55,included builds,5,main]) started.
:app:compileDebugUnitTestJavaWithJavac (Thread[#55,included builds,5,main]) started.

> Task :app:compileDebugUnitTestJavaWithJavac NO-SOURCE
Skipping task ':app:compileDebugUnitTestJavaWithJavac' as it has no source files and no previous output files.
Resolve mutations for :app:generateDebugAssets (Thread[#55,included builds,5,main]) started.
:app:generateDebugAssets (Thread[#55,included builds,5,main]) started.

> Task :app:generateDebugAssets UP-TO-DATE
Skipping task ':app:generateDebugAssets' as it has no actions.
Resolve mutations for :app:mergeDebugAssets (Thread[#55,included builds,5,main]) started.
:app:mergeDebugAssets (Thread[#55,included builds,5,main]) started.

> Task :app:mergeDebugAssets UP-TO-DATE
Caching disabled for task ':app:mergeDebugAssets' because:
  Simple merging task
Skipping task ':app:mergeDebugAssets' as it is up-to-date.
Resolve mutations for :app:packageDebugUnitTestForUnitTest (Thread[#55,included builds,5,main]) started.
:app:packageDebugUnitTestForUnitTest (Thread[#55,included builds,5,main]) started.

> Task :app:packageDebugUnitTestForUnitTest UP-TO-DATE
Caching disabled for task ':app:packageDebugUnitTestForUnitTest' because:
  Simple merging task
Skipping task ':app:packageDebugUnitTestForUnitTest' as it is up-to-date.
work action resolve navigation.json (project :app) (Thread[#55,included builds,5,main]) started.
Resolve mutations for :app:processDebugUnitTestManifest (Thread[#55,included builds,5,main]) started.
:app:processDebugUnitTestManifest (Thread[#55,included builds,5,main]) started.

> Task :app:processDebugUnitTestManifest UP-TO-DATE
Caching disabled for task ':app:processDebugUnitTestManifest' because:
  Caching has been disabled for the task
Skipping task ':app:processDebugUnitTestManifest' as it is up-to-date.
Resolve mutations for :app:generateDebugUnitTestConfig (Thread[#55,included builds,5,main]) started.
:app:generateDebugUnitTestConfig (Thread[#55,included builds,5,main]) started.

> Task :app:generateDebugUnitTestConfig UP-TO-DATE
Caching disabled for task ':app:generateDebugUnitTestConfig' because:
  Caching has been disabled for the task
Skipping task ':app:generateDebugUnitTestConfig' as it is up-to-date.
Resolve mutations for :app:processDebugJavaRes (Thread[#55,included builds,5,main]) started.
:app:processDebugJavaRes (Thread[#55,included builds,5,main]) started.

> Task :app:processDebugJavaRes UP-TO-DATE
file or directory '/home/ubuntu/work/publikclip-repo/android/app/src/main/resources', not found
file or directory '/home/ubuntu/work/publikclip-repo/android/app/src/debug/resources', not found
Caching disabled for task ':app:processDebugJavaRes' because:
  Caching has been disabled for the task
Skipping task ':app:processDebugJavaRes' as it is up-to-date.
Resolve mutations for :app:processDebugUnitTestJavaRes (Thread[#55,included builds,5,main]) started.
:app:processDebugUnitTestJavaRes (Thread[#55,included builds,5,main]) started.

> Task :app:processDebugUnitTestJavaRes UP-TO-DATE
file or directory '/home/ubuntu/work/publikclip-repo/android/app/src/test/resources', not found
file or directory '/home/ubuntu/work/publikclip-repo/android/app/src/testDebug/resources', not found
Caching disabled for task ':app:processDebugUnitTestJavaRes' because:
  Caching has been disabled for the task
Skipping task ':app:processDebugUnitTestJavaRes' as it is up-to-date.
work action resolve classes.jar (project :app) (Thread[#55,included builds,5,main]) started.
work action resolve out (project :app) (Thread[#55,included builds,5,main]) started.
Resolve mutations for :app:testDebugUnitTest (Thread[#55,included builds,5,main]) started.
:app:testDebugUnitTest (Thread[#55,included builds,5,main]) started.
Gradle Test Executor 1 started executing tests.

> Task :app:testDebugUnitTest
Deleting stale output file: /home/ubuntu/work/publikclip-repo/android/app/build/intermediates/roborazzi
Deleting stale output file: /home/ubuntu/work/publikclip-repo/android/app/build/test-results/roborazzi/debug/results
Deleting stale output file: /home/ubuntu/work/publikclip-repo/android/app/build/reports/tests/testDebugUnitTest
Deleting stale output file: /home/ubuntu/work/publikclip-repo/android/app/build/test-results/testDebugUnitTest
Deleting stale output file: /home/ubuntu/work/publikclip-repo/android/app/build/test-results/testDebugUnitTest/binary
Build cache key for task ':app:testDebugUnitTest' is 79e53b5da19f2d85daecc0d63229dafd
Task ':app:testDebugUnitTest' is not up-to-date because:
  No history is available.
file or directory '/home/ubuntu/work/publikclip-repo/android/app/build/generated/ksp/debugUnitTest/resources', not found
file or directory '/home/ubuntu/work/publikclip-repo/android/app/build/generated/ksp/debugUnitTest/classes', not found
file or directory '/home/ubuntu/work/publikclip-repo/android/app/build/intermediates/javac/debugUnitTest/compileDebugUnitTestJavaWithJavac/classes', not found
Starting process 'Gradle Test Executor 1'. Working directory: /home/ubuntu/work/publikclip-repo/android/app Command: /usr/lib/jvm/java-21-openjdk-amd64/bin/java -Djava.awt.headless=true -Djava.library.path=/usr/java/packages/lib:/usr/lib/x86_64-linux-gnu/jni:/lib/x86_64-linux-gnu:/usr/lib/x86_64-linux-gnu:/usr/lib/jni:/lib:/usr/lib:/home/ubuntu/work/publikclip-repo/android/app/src/testDebug/jniLibs:/home/ubuntu/work/publikclip-repo/android/app/src/test/jniLibs -Dorg.gradle.internal.worker.tmpdir=/home/ubuntu/work/publikclip-repo/android/app/build/tmp/testDebugUnitTest/work --add-opens=java.base/java.io=ALL-UNNAMED @/home/ubuntu/.gradle/.tmp/gradle-worker-classpath18027089641027445714txt -Xmx512m -Dfile.encoding=UTF-8 -Duser.country -Duser.language=en -Duser.variant -ea worker.org.gradle.process.internal.worker.GradleWorkerMain 'Gradle Test Executor 1'
Successfully started process 'Gradle Test Executor 1'
