.................s......................                                 [100%]
=============================== warnings summary ===============================
gateway/main.py:1180
  /home/ubuntu/work/publikclip-repo/gateway/main.py:1180: DeprecationWarning:
          on_event is deprecated, use lifespan event handlers instead.

          Read more about it in the
          [FastAPI docs for Lifespan Events](https://fastapi.tiangolo.com/advanced/events/).

    @app.on_event("startup")

../../../../usr/local/lib/python3.12/dist-packages/fastapi/applications.py:4681
../../../../usr/local/lib/python3.12/dist-packages/fastapi/applications.py:4681
  /usr/local/lib/python3.12/dist-packages/fastapi/applications.py:4681: DeprecationWarning:
          on_event is deprecated, use lifespan event handlers instead.

          Read more about it in the
          [FastAPI docs for Lifespan Events](https://fastapi.tiangolo.com/advanced/events/).

    return self.router.on_event(event_type)  # ty: ignore[deprecated]

gateway/main.py:1204
  /home/ubuntu/work/publikclip-repo/gateway/main.py:1204: DeprecationWarning:
          on_event is deprecated, use lifespan event handlers instead.

          Read more about it in the
          [FastAPI docs for Lifespan Events](https://fastapi.tiangolo.com/advanced/events/).

    @app.on_event("shutdown")

gateway/tests/test_private_backend.py:10
  /home/ubuntu/work/publikclip-repo/gateway/tests/test_private_backend.py:10: StarletteDeprecationWarning: Using `httpx` with `starlette.testclient` is deprecated; install `httpx2` instead.
    from starlette.testclient import TestClient

-- Docs: https://docs.pytest.org/en/stable/how-to/capture-warnings.html
=========================== short test summary info ============================
SKIPPED [1] gateway/tests/test_media_lifecycle.py:136: Set RUN_LARGE_MEDIA_TESTS=1 to exercise 100MB, 500MB, and 1GB+ disk-backed uploads.
39 passed, 1 skipped, 5 warnings in 2.00s
