PublikClip verification
root: /home/ubuntu/work/publikclip-repo
python: Python 3.12.3
node: v22.13.0
verify: Android SDK is not configured; Android checks will be skipped.

==> Python regression suite
.........................s.............................................. [ 41%]
........................................................................ [ 83%]
.............................                                            [100%]
=============================== warnings summary ===============================
gateway/main.py:1180
  /home/ubuntu/work/publikclip-repo/gateway/main.py:1180: DeprecationWarning:
          on_event is deprecated, use lifespan event handlers instead.

          Read more about it in the
          [FastAPI docs for Lifespan Events](https://fastapi.tiangolo.com/advanced/events/).

    @app.on_event("startup")

../../../../usr/local/lib/python3.12/dist-packages/fastapi/applications.py:4681
../../../../usr/local/lib/python3.12/dist-packages/fastapi/applications.py:4681
  /usr/local/lib/python3.12/dist-packages/fastapi/applications.py:4681: DeprecationWarning:
          on_event is deprecated, use lifespan event handlers instead.

          Read more about it in the
          [FastAPI docs for Lifespan Events](https://fastapi.tiangolo.com/advanced/events/).

    return self.router.on_event(event_type)  # ty: ignore[deprecated]

gateway/main.py:1204
  /home/ubuntu/work/publikclip-repo/gateway/main.py:1204: DeprecationWarning:
          on_event is deprecated, use lifespan event handlers instead.

          Read more about it in the
          [FastAPI docs for Lifespan Events](https://fastapi.tiangolo.com/advanced/events/).

    @app.on_event("shutdown")

gateway/tests/test_private_backend.py:10
  /home/ubuntu/work/publikclip-repo/gateway/tests/test_private_backend.py:10: StarletteDeprecationWarning: Using `httpx` with `starlette.testclient` is deprecated; install `httpx2` instead.
    from starlette.testclient import TestClient

-- Docs: https://docs.pytest.org/en/stable/how-to/capture-warnings.html
=========================== short test summary info ============================
SKIPPED [1] gateway/tests/test_media_lifecycle.py:136: Set RUN_LARGE_MEDIA_TESTS=1 to exercise 100MB, 500MB, and 1GB+ disk-backed uploads.
172 passed, 1 skipped, 5 warnings in 27.07s

==> Frontend production build

> publikclip-app@0.12.0 build
> tsc -b && vite build

vite v7.3.6 building client environment for production...
transforming...
✓ 46 modules transformed.
rendering chunks...
computing gzip size...
dist/index.html                                  0.39 kB │ gzip:  0.26 kB
dist/assets/ArchivoBlack-Regular-VVh6-99s.ttf   90.99 kB
dist/assets/PublicSans-Var-C_1_ajHm.ttf        103.32 kB
dist/assets/MartianMono-Var-Diap2Vfn.ttf       148.46 kB
dist/assets/index-B-37T8Ce.css                  41.78 kB │ gzip:  8.78 kB
dist/assets/index-DDG2YB1v.js                  288.75 kB │ gzip: 88.58 kB
✓ built in 1.47s

==> Android checks skipped: configure ANDROID_HOME/ANDROID_SDK_ROOT or android/local.properties.

Verification completed. Device E2E, provider readiness, release signing, and large-media tests require their documented external prerequisites.
