To honour the JVM settings for this build a single-use Daemon process will be forked. For more on this, please refer to https://docs.gradle.org/9.3.1/userguide/gradle_daemon.html#sec:disabling_the_daemon in the Gradle documentation.
Daemon will be stopped at the end of the build 
Reusing configuration cache.
> Task :app:preBuild UP-TO-DATE
> Task :app:preReleaseBuild UP-TO-DATE
> Task :app:mergeReleaseJniLibFolders UP-TO-DATE
> Task :app:mergeReleaseNativeLibs UP-TO-DATE
> Task :app:stripReleaseDebugSymbols UP-TO-DATE
> Task :app:extractReleaseNativeSymbolTables UP-TO-DATE
> Task :app:mergeReleaseNativeDebugMetadata NO-SOURCE
> Task :app:checkReleaseDuplicateClasses UP-TO-DATE
> Task :app:generateReleaseBuildConfig UP-TO-DATE
> Task :app:generateReleaseResources UP-TO-DATE
> Task :app:processReleaseGoogleServices UP-TO-DATE
> Task :app:packageReleaseResources UP-TO-DATE
> Task :app:processReleaseNavigationResources UP-TO-DATE
> Task :app:parseReleaseLocalResources UP-TO-DATE
> Task :app:generateReleaseRFile UP-TO-DATE
> Task :app:kspReleaseKotlin UP-TO-DATE
> Task :app:compileReleaseKotlin
w: file:///home/ubuntu/ISM-dragon/android/app/src/main/java/com/example/data/db/OpusDatabase.kt:47:34 The corresponding parameter in the supertype 'Migration' is named 'db'. This may cause problems when calling this function with named arguments.
w: file:///home/ubuntu/ISM-dragon/android/app/src/main/java/com/example/data/repository/OpusRepository.kt:765:103 Unnecessary safe call on a non-null receiver of type 'ProcessingJobEntity'.
w: file:///home/ubuntu/ISM-dragon/android/app/src/main/java/com/example/data/video/Media3VideoProcessor.kt:207:42 Unnecessary non-null assertion (!!) on a non-null receiver of type '<anonymous>'.
w: file:///home/ubuntu/ISM-dragon/android/app/src/main/java/com/example/data/video/Media3VideoProcessor.kt:209:33 Unnecessary safe call on a non-null receiver of type '<anonymous>'.
w: file:///home/ubuntu/ISM-dragon/android/app/src/main/java/com/example/domain/analysis/CandidateClipDetector.kt:104:43 Unnecessary non-null assertion (!!) on a non-null receiver of type 'TranscriptSegment'.
w: file:///home/ubuntu/ISM-dragon/android/app/src/main/java/com/example/ui/components/AiEditingCommandBar.kt:190:44 'val Icons.Filled.Send: ImageVector' is deprecated. Use the AutoMirrored version at Icons.AutoMirrored.Filled.Send.
w: file:///home/ubuntu/ISM-dragon/android/app/src/main/java/com/example/ui/components/ApiKeySettingsDialog.kt:617:49 'val Icons.Filled.OpenInNew: ImageVector' is deprecated. Use the AutoMirrored version at Icons.AutoMirrored.Filled.OpenInNew.
w: file:///home/ubuntu/ISM-dragon/android/app/src/main/java/com/example/ui/components/ApiKeySettingsDialog.kt:752:34 'fun Modifier.menuAnchor(): Modifier' is deprecated. Use overload that takes MenuAnchorType and enabled parameters.
w: file:///home/ubuntu/ISM-dragon/android/app/src/main/java/com/example/ui/components/AutoPublishResultDialog.kt:445:45 'val Icons.Filled.OpenInNew: ImageVector' is deprecated. Use the AutoMirrored version at Icons.AutoMirrored.Filled.OpenInNew.
w: file:///home/ubuntu/ISM-dragon/android/app/src/main/java/com/example/ui/components/AutoPublishSettingsDialog.kt:155:61 'val Icons.Filled.Send: ImageVector' is deprecated. Use the AutoMirrored version at Icons.AutoMirrored.Filled.Send.
w: file:///home/ubuntu/ISM-dragon/android/app/src/main/java/com/example/ui/components/DedicatedCaptionGeneratorCard.kt:564:53 'val Icons.Filled.Send: ImageVector' is deprecated. Use the AutoMirrored version at Icons.AutoMirrored.Filled.Send.
w: file:///home/ubuntu/ISM-dragon/android/app/src/main/java/com/example/ui/components/DirectPublisherDialog.kt:417:77 'val Icons.Filled.OpenInNew: ImageVector' is deprecated. Use the AutoMirrored version at Icons.AutoMirrored.Filled.OpenInNew.
w: file:///home/ubuntu/ISM-dragon/android/app/src/main/java/com/example/ui/components/DirectPublisherDialog.kt:464:65 'val Icons.Filled.Send: ImageVector' is deprecated. Use the AutoMirrored version at Icons.AutoMirrored.Filled.Send.
w: file:///home/ubuntu/ISM-dragon/android/app/src/main/java/com/example/ui/components/VideoProcessingLoadingDialog.kt:308:54 'val Icons.Filled.TrendingUp: ImageVector' is deprecated. Use the AutoMirrored version at Icons.AutoMirrored.Filled.TrendingUp.
w: file:///home/ubuntu/ISM-dragon/android/app/src/main/java/com/example/ui/components/VideoSimPlayer.kt:379:61 'val Icons.Filled.VolumeUp: ImageVector' is deprecated. Use the AutoMirrored version at Icons.AutoMirrored.Filled.VolumeUp.
w: file:///home/ubuntu/ISM-dragon/android/app/src/main/java/com/example/ui/components/VideoSimPlayer.kt:590:45 'val Icons.Filled.VolumeUp: ImageVector' is deprecated. Use the AutoMirrored version at Icons.AutoMirrored.Filled.VolumeUp.
w: file:///home/ubuntu/ISM-dragon/android/app/src/main/java/com/example/ui/components/ViralityScoreGauge.kt:310:46 'val Icons.Filled.TrendingUp: ImageVector' is deprecated. Use the AutoMirrored version at Icons.AutoMirrored.Filled.TrendingUp.
w: file:///home/ubuntu/ISM-dragon/android/app/src/main/java/com/example/ui/components/ViralityScoreGauge.kt:455:53 'val Icons.Filled.CompareArrows: ImageVector' is deprecated. Use the AutoMirrored version at Icons.AutoMirrored.Filled.CompareArrows.
w: file:///home/ubuntu/ISM-dragon/android/app/src/main/java/com/example/ui/screens/ApiManagementSettingsScreen.kt:459:38 'fun Modifier.menuAnchor(): Modifier' is deprecated. Use overload that takes MenuAnchorType and enabled parameters.
w: file:///home/ubuntu/ISM-dragon/android/app/src/main/java/com/example/ui/screens/ApiManagementSettingsScreen.kt:1109:57 'val Icons.Filled.OpenInNew: ImageVector' is deprecated. Use the AutoMirrored version at Icons.AutoMirrored.Filled.OpenInNew.
w: file:///home/ubuntu/ISM-dragon/android/app/src/main/java/com/example/ui/screens/ClipCompetitorComparisonScreen.kt:260:57 'val Icons.Filled.ArrowBack: ImageVector' is deprecated. Use the AutoMirrored version at Icons.AutoMirrored.Filled.ArrowBack.
w: file:///home/ubuntu/ISM-dragon/android/app/src/main/java/com/example/ui/screens/ClipStudioScreen.kt:411:61 'val Icons.Filled.Send: ImageVector' is deprecated. Use the AutoMirrored version at Icons.AutoMirrored.Filled.Send.
w: file:///home/ubuntu/ISM-dragon/android/app/src/main/java/com/example/ui/screens/ComparisonDetailScreen.kt:101:53 'val Icons.Filled.ArrowBack: ImageVector' is deprecated. Use the AutoMirrored version at Icons.AutoMirrored.Filled.ArrowBack.
w: file:///home/ubuntu/ISM-dragon/android/app/src/main/java/com/example/ui/screens/ComparisonHubScreen.kt:145:61 'val Icons.Filled.TrendingUp: ImageVector' is deprecated. Use the AutoMirrored version at Icons.AutoMirrored.Filled.TrendingUp.
w: file:///home/ubuntu/ISM-dragon/android/app/src/main/java/com/example/ui/screens/ComparisonHubScreen.kt:228:69 Redundant call of conversion method.
w: file:///home/ubuntu/ISM-dragon/android/app/src/main/java/com/example/ui/screens/ComparisonHubScreen.kt:504:53 'val Icons.Filled.ArrowForward: ImageVector' is deprecated. Use the AutoMirrored version at Icons.AutoMirrored.Filled.ArrowForward.
w: file:///home/ubuntu/ISM-dragon/android/app/src/main/java/com/example/ui/screens/HomeScreen.kt:346:53 'val Icons.Filled.ArrowForward: ImageVector' is deprecated. Use the AutoMirrored version at Icons.AutoMirrored.Filled.ArrowForward.
w: file:///home/ubuntu/ISM-dragon/android/app/src/main/java/com/example/ui/screens/HomeScreen.kt:432:53 'val Icons.Filled.ArrowForward: ImageVector' is deprecated. Use the AutoMirrored version at Icons.AutoMirrored.Filled.ArrowForward.
w: file:///home/ubuntu/ISM-dragon/android/app/src/main/java/com/example/ui/screens/HomeScreen.kt:479:57 'val Icons.Filled.Send: ImageVector' is deprecated. Use the AutoMirrored version at Icons.AutoMirrored.Filled.Send.
w: file:///home/ubuntu/ISM-dragon/android/app/src/main/java/com/example/ui/screens/HomeScreen.kt:528:53 'val Icons.Filled.ArrowForward: ImageVector' is deprecated. Use the AutoMirrored version at Icons.AutoMirrored.Filled.ArrowForward.
w: file:///home/ubuntu/ISM-dragon/android/app/src/main/java/com/example/ui/screens/HomeScreen.kt:603:53 'val Icons.Filled.ArrowForward: ImageVector' is deprecated. Use the AutoMirrored version at Icons.AutoMirrored.Filled.ArrowForward.
w: file:///home/ubuntu/ISM-dragon/android/app/src/main/java/com/example/ui/screens/HomeScreen.kt:1024:69 'val Icons.Filled.Send: ImageVector' is deprecated. Use the AutoMirrored version at Icons.AutoMirrored.Filled.Send.
w: file:///home/ubuntu/ISM-dragon/android/app/src/main/java/com/example/ui/screens/ProjectsScreen.kt:510:54 'val Icons.Filled.TrendingUp: ImageVector' is deprecated. Use the AutoMirrored version at Icons.AutoMirrored.Filled.TrendingUp.
w: file:///home/ubuntu/ISM-dragon/android/app/src/main/java/com/example/ui/screens/ToolsScreen.kt:88:38 'val Icons.Filled.CompareArrows: ImageVector' is deprecated. Use the AutoMirrored version at Icons.AutoMirrored.Filled.CompareArrows.
w: file:///home/ubuntu/ISM-dragon/android/app/src/main/java/com/example/ui/screens/VideoUploadScreen.kt:328:53 'val Icons.Filled.ArrowBack: ImageVector' is deprecated. Use the AutoMirrored version at Icons.AutoMirrored.Filled.ArrowBack.
w: file:///home/ubuntu/ISM-dragon/android/app/src/main/java/com/example/ui/screens/VideoUploadScreen.kt:918:69 'val Icons.Filled.Send: ImageVector' is deprecated. Use the AutoMirrored version at Icons.AutoMirrored.Filled.Send.
w: file:///home/ubuntu/ISM-dragon/android/app/src/main/java/com/example/ui/theme/Theme.kt:42:24 'var statusBarColor: Int' is deprecated. Deprecated in Java.
w: file:///home/ubuntu/ISM-dragon/android/app/src/main/java/com/example/ui/theme/Theme.kt:43:24 'var navigationBarColor: Int' is deprecated. Deprecated in Java.

> Task :app:javaPreCompileRelease FROM-CACHE
> Task :app:compileReleaseJavaWithJavac
> Task :app:checkReleaseAarMetadata
> Task :app:mapReleaseSourceSetPaths
> Task :app:compileReleaseNavigationResources FROM-CACHE
> Task :app:mergeReleaseResources
> Task :app:createReleaseCompatibleScreenManifests
> Task :app:extractDeepLinksRelease FROM-CACHE
> Task :app:processReleaseMainManifest
> Task :app:processReleaseManifest
> Task :app:processReleaseManifestForPackage
> Task :app:processReleaseResources
> Task :app:dexBuilderRelease
> Task :app:desugarReleaseFileDependencies
> Task :app:mergeReleaseStartupProfile
> Task :app:mergeExtDexRelease
> Task :app:mergeDexRelease
> Task :app:mergeReleaseArtProfile
> Task :app:mergeReleaseGlobalSynthetics
> Task :app:compileReleaseArtProfile
> Task :app:generateReleaseAssets UP-TO-DATE
> Task :app:mergeReleaseAssets
> Task :app:compressReleaseAssets
> Task :app:extractReleaseVersionControlInfo
> Task :app:extractProguardFiles
> Task :app:generateReleaseLintVitalReportModel
> Task :app:lintVitalAnalyzeRelease
> Task :app:lintVitalReportRelease
> Task :app:lintVitalRelease
> Task :app:processReleaseJavaRes
> Task :app:mergeReleaseJavaResource
> Task :app:optimizeReleaseResources
> Task :app:writeReleaseAppMetadata
> Task :app:writeReleaseSigningConfigVersions
> Task :app:packageRelease
> Task :app:createReleaseApkListingFileRedirect
> Task :app:assembleRelease

BUILD SUCCESSFUL in 5m 26s
49 actionable tasks: 33 executed, 3 from cache, 13 up-to-date
Configuration cache entry reused.
