To honour the JVM settings for this build a single-use Daemon process will be forked. For more on this, please refer to https://docs.gradle.org/9.3.1/userguide/gradle_daemon.html#sec:disabling_the_daemon in the Gradle documentation.
Daemon will be stopped at the end of the build 
Calculating task graph as no cached configuration is available for tasks: :app:testDebugUnitTest :app:assembleDebug :app:assembleRelease

> Configure project :app
WARNING: The option setting 'android.disallowKotlinSourceSets=false' is experimental.
The current default is 'true'.
Checking the license for package Android SDK Platform 36.1 in /home/ubuntu/android-sdk/licenses
License for package Android SDK Platform 36.1 accepted.
Preparing "Install Android SDK Platform 36.1 (revision 1)".
"Install Android SDK Platform 36.1 (revision 1)" ready.
Installing Android SDK Platform 36.1 in /home/ubuntu/android-sdk/platforms/android-36.1
"Install Android SDK Platform 36.1 (revision 1)" complete.
"Install Android SDK Platform 36.1 (revision 1)" finished.
[=========                              ] 25%                                   
> Task :app:preBuild UP-TO-DATE
> Task :app:preDebugBuild UP-TO-DATE
> Task :app:generateDebugBuildConfig
> Task :app:generateDebugResources

> Task :app:processDebugGoogleServices
File google-services.json is missing.
The Google Services Plugin cannot function without it.
Searched locations: /home/ubuntu/ISM-dragon/android/app/src/debug/google-services.json, /home/ubuntu/ISM-dragon/android/app/src/debug/google-services.json, /home/ubuntu/ISM-dragon/android/app/src/google-services.json, /home/ubuntu/ISM-dragon/android/app/src/debug/google-services.json, /home/ubuntu/ISM-dragon/android/app/src/Debug/google-services.json, /home/ubuntu/ISM-dragon/android/app/google-services.json

> Task :app:packageDebugResources
> Task :app:processDebugNavigationResources
> Task :app:parseDebugLocalResources
> Task :app:generateDebugRFile
> Task :app:kspDebugKotlin
> Task :app:compileDebugKotlin
w: file:///home/ubuntu/ISM-dragon/android/app/src/main/java/com/example/data/db/OpusDatabase.kt:47:34 The corresponding parameter in the supertype 'Migration' is named 'db'. This may cause problems when calling this function with named arguments.
w: file:///home/ubuntu/ISM-dragon/android/app/src/main/java/com/example/data/repository/OpusRepository.kt:765:103 Unnecessary safe call on a non-null receiver of type 'ProcessingJobEntity'.
w: file:///home/ubuntu/ISM-dragon/android/app/src/main/java/com/example/data/video/Media3VideoProcessor.kt:207:42 Unnecessary non-null assertion (!!) on a non-null receiver of type '<anonymous>'.
w: file:///home/ubuntu/ISM-dragon/android/app/src/main/java/com/example/data/video/Media3VideoProcessor.kt:209:33 Unnecessary safe call on a non-null receiver of type '<anonymous>'.
w: file:///home/ubuntu/ISM-dragon/android/app/src/main/java/com/example/domain/analysis/CandidateClipDetector.kt:104:43 Unnecessary non-null assertion (!!) on a non-null receiver of type 'TranscriptSegment'.
w: file:///home/ubuntu/ISM-dragon/android/app/src/main/java/com/example/ui/components/AiEditingCommandBar.kt:190:44 'val Icons.Filled.Send: ImageVector' is deprecated. Use the AutoMirrored version at Icons.AutoMirrored.Filled.Send.
w: file:///home/ubuntu/ISM-dragon/android/app/src/main/java/com/example/ui/components/ApiKeySettingsDialog.kt:617:49 'val Icons.Filled.OpenInNew: ImageVector' is deprecated. Use the AutoMirrored version at Icons.AutoMirrored.Filled.OpenInNew.
w: file:///home/ubuntu/ISM-dragon/android/app/src/main/java/com/example/ui/components/ApiKeySettingsDialog.kt:752:34 'fun Modifier.menuAnchor(): Modifier' is deprecated. Use overload that takes MenuAnchorType and enabled parameters.
w: file:///home/ubuntu/ISM-dragon/android/app/src/main/java/com/example/ui/components/AutoPublishResultDialog.kt:445:45 'val Icons.Filled.OpenInNew: ImageVector' is deprecated. Use the AutoMirrored version at Icons.AutoMirrored.Filled.OpenInNew.
w: file:///home/ubuntu/ISM-dragon/android/app/src/main/java/com/example/ui/components/AutoPublishSettingsDialog.kt:155:61 'val Icons.Filled.Send: ImageVector' is deprecated. Use the AutoMirrored version at Icons.AutoMirrored.Filled.Send.
w: file:///home/ubuntu/ISM-dragon/android/app/src/main/java/com/example/ui/components/DedicatedCaptionGeneratorCard.kt:564:53 'val Icons.Filled.Send: ImageVector' is deprecated. Use the AutoMirrored version at Icons.AutoMirrored.Filled.Send.
w: file:///home/ubuntu/ISM-dragon/android/app/src/main/java/com/example/ui/components/DirectPublisherDialog.kt:417:77 'val Icons.Filled.OpenInNew: ImageVector' is deprecated. Use the AutoMirrored version at Icons.AutoMirrored.Filled.OpenInNew.
w: file:///home/ubuntu/ISM-dragon/android/app/src/main/java/com/example/ui/components/DirectPublisherDialog.kt:464:65 'val Icons.Filled.Send: ImageVector' is deprecated. Use the AutoMirrored version at Icons.AutoMirrored.Filled.Send.
w: file:///home/ubuntu/ISM-dragon/android/app/src/main/java/com/example/ui/components/VideoProcessingLoadingDialog.kt:308:54 'val Icons.Filled.TrendingUp: ImageVector' is deprecated. Use the AutoMirrored version at Icons.AutoMirrored.Filled.TrendingUp.
w: file:///home/ubuntu/ISM-dragon/android/app/src/main/java/com/example/ui/components/VideoSimPlayer.kt:379:61 'val Icons.Filled.VolumeUp: ImageVector' is deprecated. Use the AutoMirrored version at Icons.AutoMirrored.Filled.VolumeUp.
w: file:///home/ubuntu/ISM-dragon/android/app/src/main/java/com/example/ui/components/VideoSimPlayer.kt:590:45 'val Icons.Filled.VolumeUp: ImageVector' is deprecated. Use the AutoMirrored version at Icons.AutoMirrored.Filled.VolumeUp.
w: file:///home/ubuntu/ISM-dragon/android/app/src/main/java/com/example/ui/components/ViralityScoreGauge.kt:310:46 'val Icons.Filled.TrendingUp: ImageVector' is deprecated. Use the AutoMirrored version at Icons.AutoMirrored.Filled.TrendingUp.
w: file:///home/ubuntu/ISM-dragon/android/app/src/main/java/com/example/ui/components/ViralityScoreGauge.kt:455:53 'val Icons.Filled.CompareArrows: ImageVector' is deprecated. Use the AutoMirrored version at Icons.AutoMirrored.Filled.CompareArrows.
w: file:///home/ubuntu/ISM-dragon/android/app/src/main/java/com/example/ui/screens/ApiManagementSettingsScreen.kt:459:38 'fun Modifier.menuAnchor(): Modifier' is deprecated. Use overload that takes MenuAnchorType and enabled parameters.
w: file:///home/ubuntu/ISM-dragon/android/app/src/main/java/com/example/ui/screens/ApiManagementSettingsScreen.kt:1109:57 'val Icons.Filled.OpenInNew: ImageVector' is deprecated. Use the AutoMirrored version at Icons.AutoMirrored.Filled.OpenInNew.
w: file:///home/ubuntu/ISM-dragon/android/app/src/main/java/com/example/ui/screens/ClipCompetitorComparisonScreen.kt:260:57 'val Icons.Filled.ArrowBack: ImageVector' is deprecated. Use the AutoMirrored version at Icons.AutoMirrored.Filled.ArrowBack.
w: file:///home/ubuntu/ISM-dragon/android/app/src/main/java/com/example/ui/screens/ClipStudioScreen.kt:411:61 'val Icons.Filled.Send: ImageVector' is deprecated. Use the AutoMirrored version at Icons.AutoMirrored.Filled.Send.
w: file:///home/ubuntu/ISM-dragon/android/app/src/main/java/com/example/ui/screens/ComparisonDetailScreen.kt:101:53 'val Icons.Filled.ArrowBack: ImageVector' is deprecated. Use the AutoMirrored version at Icons.AutoMirrored.Filled.ArrowBack.
w: file:///home/ubuntu/ISM-dragon/android/app/src/main/java/com/example/ui/screens/ComparisonHubScreen.kt:145:61 'val Icons.Filled.TrendingUp: ImageVector' is deprecated. Use the AutoMirrored version at Icons.AutoMirrored.Filled.TrendingUp.
w: file:///home/ubuntu/ISM-dragon/android/app/src/main/java/com/example/ui/screens/ComparisonHubScreen.kt:228:69 Redundant call of conversion method.
w: file:///home/ubuntu/ISM-dragon/android/app/src/main/java/com/example/ui/screens/ComparisonHubScreen.kt:504:53 'val Icons.Filled.ArrowForward: ImageVector' is deprecated. Use the AutoMirrored version at Icons.AutoMirrored.Filled.ArrowForward.
w: file:///home/ubuntu/ISM-dragon/android/app/src/main/java/com/example/ui/screens/HomeScreen.kt:346:53 'val Icons.Filled.ArrowForward: ImageVector' is deprecated. Use the AutoMirrored version at Icons.AutoMirrored.Filled.ArrowForward.
w: file:///home/ubuntu/ISM-dragon/android/app/src/main/java/com/example/ui/screens/HomeScreen.kt:432:53 'val Icons.Filled.ArrowForward: ImageVector' is deprecated. Use the AutoMirrored version at Icons.AutoMirrored.Filled.ArrowForward.
w: file:///home/ubuntu/ISM-dragon/android/app/src/main/java/com/example/ui/screens/HomeScreen.kt:479:57 'val Icons.Filled.Send: ImageVector' is deprecated. Use the AutoMirrored version at Icons.AutoMirrored.Filled.Send.
w: file:///home/ubuntu/ISM-dragon/android/app/src/main/java/com/example/ui/screens/HomeScreen.kt:528:53 'val Icons.Filled.ArrowForward: ImageVector' is deprecated. Use the AutoMirrored version at Icons.AutoMirrored.Filled.ArrowForward.
w: file:///home/ubuntu/ISM-dragon/android/app/src/main/java/com/example/ui/screens/HomeScreen.kt:603:53 'val Icons.Filled.ArrowForward: ImageVector' is deprecated. Use the AutoMirrored version at Icons.AutoMirrored.Filled.ArrowForward.
w: file:///home/ubuntu/ISM-dragon/android/app/src/main/java/com/example/ui/screens/HomeScreen.kt:1024:69 'val Icons.Filled.Send: ImageVector' is deprecated. Use the AutoMirrored version at Icons.AutoMirrored.Filled.Send.
w: file:///home/ubuntu/ISM-dragon/android/app/src/main/java/com/example/ui/screens/ProjectsScreen.kt:510:54 'val Icons.Filled.TrendingUp: ImageVector' is deprecated. Use the AutoMirrored version at Icons.AutoMirrored.Filled.TrendingUp.
w: file:///home/ubuntu/ISM-dragon/android/app/src/main/java/com/example/ui/screens/ToolsScreen.kt:88:38 'val Icons.Filled.CompareArrows: ImageVector' is deprecated. Use the AutoMirrored version at Icons.AutoMirrored.Filled.CompareArrows.
w: file:///home/ubuntu/ISM-dragon/android/app/src/main/java/com/example/ui/screens/VideoUploadScreen.kt:328:53 'val Icons.Filled.ArrowBack: ImageVector' is deprecated. Use the AutoMirrored version at Icons.AutoMirrored.Filled.ArrowBack.
w: file:///home/ubuntu/ISM-dragon/android/app/src/main/java/com/example/ui/screens/VideoUploadScreen.kt:918:69 'val Icons.Filled.Send: ImageVector' is deprecated. Use the AutoMirrored version at Icons.AutoMirrored.Filled.Send.
w: file:///home/ubuntu/ISM-dragon/android/app/src/main/java/com/example/ui/theme/Theme.kt:42:24 'var statusBarColor: Int' is deprecated. Deprecated in Java.
w: file:///home/ubuntu/ISM-dragon/android/app/src/main/java/com/example/ui/theme/Theme.kt:43:24 'var navigationBarColor: Int' is deprecated. Deprecated in Java.

> Task :app:javaPreCompileDebug
> Task :app:compileDebugJavaWithJavac
> Task :app:checkDebugAarMetadata
> Task :app:mapDebugSourceSetPaths
> Task :app:compileDebugNavigationResources
> Task :app:mergeDebugResources
> Task :app:createDebugCompatibleScreenManifests
> Task :app:extractDeepLinksDebug
> Task :app:processDebugMainManifest
> Task :app:processDebugManifest
> Task :app:processDebugManifestForPackage
> Task :app:processDebugResources
> Task :app:bundleDebugClassesToRuntimeJar
> Task :app:bundleDebugClassesToCompileJar
> Task :app:kspDebugUnitTestKotlin
> Task :app:preDebugUnitTestBuild UP-TO-DATE
> Task :app:compileDebugUnitTestKotlin
> Task :app:javaPreCompileDebugUnitTest
> Task :app:compileDebugUnitTestJavaWithJavac NO-SOURCE
> Task :app:generateDebugAssets UP-TO-DATE
> Task :app:mergeDebugAssets
> Task :app:packageDebugUnitTestForUnitTest
> Task :app:processDebugUnitTestManifest
> Task :app:generateDebugUnitTestConfig
> Task :app:processDebugJavaRes
> Task :app:processDebugUnitTestJavaRes
> Task :app:testDebugUnitTest
> Task :app:finalizeTestRoborazziDebug SKIPPED
> Task :app:mergeDebugNativeDebugMetadata NO-SOURCE
> Task :app:compressDebugAssets
> Task :app:mergeDebugJavaResource
> Task :app:checkDebugDuplicateClasses
> Task :app:desugarDebugFileDependencies
> Task :app:mergeExtDexDebug
ERROR: D8: java.lang.OutOfMemoryError: Java heap space
com.android.builder.dexing.DexArchiveMergerException: Error while merging dex archives: 
	at com.android.builder.dexing.D8DexArchiveMerger.getMergingExceptionToRethrow(D8DexArchiveMerger.java:231)
	at com.android.builder.dexing.D8DexArchiveMerger.mergeDexArchives(D8DexArchiveMerger.java:219)
	at com.android.build.gradle.internal.tasks.DexMergingWorkAction.merge(DexMergingTask.kt:820)
	at com.android.build.gradle.internal.tasks.DexMergingWorkAction.run(DexMergingTask.kt:775)
	at com.android.build.gradle.internal.profile.ProfileAwareWorkAction.execute(ProfileAwareWorkAction.kt:66)
	at org.gradle.workers.internal.DefaultWorkerServer.execute(DefaultWorkerServer.java:68)
	at org.gradle.workers.internal.NoIsolationWorkerFactory$1$1.create(NoIsolationWorkerFactory.java:64)
	at org.gradle.workers.internal.NoIsolationWorkerFactory$1$1.create(NoIsolationWorkerFactory.java:61)
	at org.gradle.internal.classloader.ClassLoaderUtils.executeInClassloader(ClassLoaderUtils.java:102)
	at org.gradle.workers.internal.NoIsolationWorkerFactory$1.lambda$execute$0(NoIsolationWorkerFactory.java:61)
	at org.gradle.workers.internal.AbstractWorker$1.call(AbstractWorker.java:44)
	at org.gradle.workers.internal.AbstractWorker$1.call(AbstractWorker.java:41)
	at org.gradle.internal.operations.DefaultBuildOperationRunner$CallableBuildOperationWorker.execute(DefaultBuildOperationRunner.java:209)
	at org.gradle.internal.operations.DefaultBuildOperationRunner$CallableBuildOperationWorker.execute(DefaultBuildOperationRunner.java:204)
	at org.gradle.internal.operations.DefaultBuildOperationRunner$2.execute(DefaultBuildOperationRunner.java:66)
	at org.gradle.internal.operations.DefaultBuildOperationRunner$2.execute(DefaultBuildOperationRunner.java:59)
	at org.gradle.internal.operations.DefaultBuildOperationRunner.execute(DefaultBuildOperationRunner.java:166)
	at org.gradle.internal.operations.DefaultBuildOperationRunner.execute(DefaultBuildOperationRunner.java:59)
	at org.gradle.internal.operations.DefaultBuildOperationRunner.call(DefaultBuildOperationRunner.java:53)
	at org.gradle.workers.internal.AbstractWorker.executeWrappedInBuildOperation(AbstractWorker.java:41)
	at org.gradle.workers.internal.NoIsolationWorkerFactory$1.execute(NoIsolationWorkerFactory.java:58)
	at org.gradle.workers.internal.DefaultWorkerExecutor.lambda$submitWork$0(DefaultWorkerExecutor.java:176)
	at java.base/java.util.concurrent.FutureTask.run(FutureTask.java:264)
	at org.gradle.internal.work.DefaultConditionalExecutionQueue$ExecutionRunner.runExecution(DefaultConditionalExecutionQueue.java:194)
	at org.gradle.internal.work.DefaultConditionalExecutionQueue$ExecutionRunner.access$700(DefaultConditionalExecutionQueue.java:127)
	at org.gradle.internal.work.DefaultConditionalExecutionQueue$ExecutionRunner$1.run(DefaultConditionalExecutionQueue.java:169)
	at org.gradle.internal.Factories$1.create(Factories.java:30)
	at org.gradle.internal.work.DefaultWorkerLeaseService.lambda$withLocksAcquired$0(DefaultWorkerLeaseService.java:269)
	at org.gradle.internal.work.ResourceLockStatistics$1.measure(ResourceLockStatistics.java:42)
	at org.gradle.internal.work.DefaultWorkerLeaseService.withLocksAcquired(DefaultWorkerLeaseService.java:267)
	at org.gradle.internal.work.DefaultWorkerLeaseService.withLocks(DefaultWorkerLeaseService.java:259)
	at org.gradle.internal.work.DefaultWorkerLeaseService.runAsWorkerThread(DefaultWorkerLeaseService.java:127)
	at org.gradle.internal.work.DefaultWorkerLeaseService.runAsWorkerThread(DefaultWorkerLeaseService.java:132)
	at org.gradle.internal.work.DefaultConditionalExecutionQueue$ExecutionRunner.runBatch(DefaultConditionalExecutionQueue.java:164)
	at org.gradle.internal.work.DefaultConditionalExecutionQueue$ExecutionRunner.run(DefaultConditionalExecutionQueue.java:133)
	at java.base/java.util.concurrent.Executors$RunnableAdapter.call(Executors.java:539)
	at java.base/java.util.concurrent.FutureTask.run(FutureTask.java:264)
	at org.gradle.internal.concurrent.ExecutorPolicy$CatchAndRecordFailures.onExecute(ExecutorPolicy.java:64)
	at org.gradle.internal.concurrent.AbstractManagedExecutor$1.run(AbstractManagedExecutor.java:47)
	at java.base/java.util.concurrent.ThreadPoolExecutor.runWorker(ThreadPoolExecutor.java:1136)
	at java.base/java.util.concurrent.ThreadPoolExecutor$Worker.run(ThreadPoolExecutor.java:635)
	at java.base/java.lang.Thread.run(Thread.java:840)
Caused by: com.android.tools.r8.CompilationFailedException: Compilation failed to complete
	at Version.fakeStackEntry(Version_9.1.31.java:0)
	at com.android.tools.r8.r0.a(R8_9.1.31_ffb8f76e0cfe19f6a6aff10b55ad38bc82c7544bc91f5b7fd86bc80f9b2412e7:1)
	at com.android.tools.r8.internal.lw0.a(R8_9.1.31_ffb8f76e0cfe19f6a6aff10b55ad38bc82c7544bc91f5b7fd86bc80f9b2412e7:81)
	at com.android.tools.r8.internal.lw0.a(R8_9.1.31_ffb8f76e0cfe19f6a6aff10b55ad38bc82c7544bc91f5b7fd86bc80f9b2412e7:32)
	at com.android.tools.r8.internal.lw0.a(R8_9.1.31_ffb8f76e0cfe19f6a6aff10b55ad38bc82c7544bc91f5b7fd86bc80f9b2412e7:31)
	at com.android.tools.r8.internal.lw0.b(R8_9.1.31_ffb8f76e0cfe19f6a6aff10b55ad38bc82c7544bc91f5b7fd86bc80f9b2412e7:2)
	at com.android.tools.r8.D8.run(R8_9.1.31_ffb8f76e0cfe19f6a6aff10b55ad38bc82c7544bc91f5b7fd86bc80f9b2412e7:11)
	at com.android.builder.dexing.D8DexArchiveMerger.mergeDexArchives(D8DexArchiveMerger.java:217)
	... 40 more
Caused by: java.lang.OutOfMemoryError: Java heap space
	at java.base/java.nio.HeapByteBuffer.<init>(HeapByteBuffer.java:64)
	at java.base/java.nio.ByteBuffer.allocate(ByteBuffer.java:363)
	at com.android.tools.r8.ByteBufferProvider.acquireByteBuffer(R8_9.1.31_ffb8f76e0cfe19f6a6aff10b55ad38bc82c7544bc91f5b7fd86bc80f9b2412e7:1)
	at com.android.tools.r8.DexIndexedConsumer.acquireByteBuffer(R8_9.1.31_ffb8f76e0cfe19f6a6aff10b55ad38bc82c7544bc91f5b7fd86bc80f9b2412e7)
	at com.android.tools.r8.dex.v.b(R8_9.1.31_ffb8f76e0cfe19f6a6aff10b55ad38bc82c7544bc91f5b7fd86bc80f9b2412e7:1)
	at com.android.tools.r8.dex.v.c(R8_9.1.31_ffb8f76e0cfe19f6a6aff10b55ad38bc82c7544bc91f5b7fd86bc80f9b2412e7:5)
	at com.android.tools.r8.dex.v.a(R8_9.1.31_ffb8f76e0cfe19f6a6aff10b55ad38bc82c7544bc91f5b7fd86bc80f9b2412e7:11)
	at com.android.tools.r8.dex.j0.a(R8_9.1.31_ffb8f76e0cfe19f6a6aff10b55ad38bc82c7544bc91f5b7fd86bc80f9b2412e7:686)
	at com.android.tools.r8.dex.j0$$Lambda$8958/0x00007f6241fec508.accept(Unknown Source)
	at java.base/java.lang.Iterable.forEach(Iterable.java:75)
	at com.android.tools.r8.dex.j0.a(R8_9.1.31_ffb8f76e0cfe19f6a6aff10b55ad38bc82c7544bc91f5b7fd86bc80f9b2412e7:477)
	at com.android.tools.r8.dex.j0.a(R8_9.1.31_ffb8f76e0cfe19f6a6aff10b55ad38bc82c7544bc91f5b7fd86bc80f9b2412e7:240)
	at com.android.tools.r8.dex.j.a(R8_9.1.31_ffb8f76e0cfe19f6a6aff10b55ad38bc82c7544bc91f5b7fd86bc80f9b2412e7:92)
	at com.android.tools.r8.dex.j$$Lambda$8949/0x00007f6241fe88e0.get(Unknown Source)
	at com.android.tools.r8.internal.dh4.a(R8_9.1.31_ffb8f76e0cfe19f6a6aff10b55ad38bc82c7544bc91f5b7fd86bc80f9b2412e7:4)
	at com.android.tools.r8.dex.j.a(R8_9.1.31_ffb8f76e0cfe19f6a6aff10b55ad38bc82c7544bc91f5b7fd86bc80f9b2412e7:747)
	at com.android.tools.r8.dex.j.b(R8_9.1.31_ffb8f76e0cfe19f6a6aff10b55ad38bc82c7544bc91f5b7fd86bc80f9b2412e7:30)
	at com.android.tools.r8.dex.j.a(R8_9.1.31_ffb8f76e0cfe19f6a6aff10b55ad38bc82c7544bc91f5b7fd86bc80f9b2412e7:150)
	at com.android.tools.r8.dex.j$$Lambda$8930/0x00007f6241fe46e0.apply(Unknown Source)
	at com.android.tools.r8.internal.eg4.a(R8_9.1.31_ffb8f76e0cfe19f6a6aff10b55ad38bc82c7544bc91f5b7fd86bc80f9b2412e7:2)
	at com.android.tools.r8.internal.eg4$$Lambda$8455/0x00007f6241ee71d8.a(Unknown Source)
	at com.android.tools.r8.internal.eg4.a(R8_9.1.31_ffb8f76e0cfe19f6a6aff10b55ad38bc82c7544bc91f5b7fd86bc80f9b2412e7:17)
	at com.android.tools.r8.internal.eg4$$Lambda$8273/0x00007f6241e6a228.call(Unknown Source)
	at java.base/java.util.concurrent.ForkJoinTask$AdaptedCallable.exec(ForkJoinTask.java:1428)
	at java.base/java.util.concurrent.ForkJoinTask.doExec(ForkJoinTask.java:373)
	at java.base/java.util.concurrent.ForkJoinPool$WorkQueue.topLevelExec(ForkJoinPool.java:1182)
	at java.base/java.util.concurrent.ForkJoinPool.scan(ForkJoinPool.java:1655)
	at java.base/java.util.concurrent.ForkJoinPool.runWorker(ForkJoinPool.java:1622)
	at java.base/java.util.concurrent.ForkJoinWorkerThread.run(ForkJoinWorkerThread.java:165)


> Task :app:mergeExtDexDebug FAILED

FAILURE: Build failed with an exception.

* What went wrong:
Execution failed for task ':app:mergeExtDexDebug'.
> A failure occurred while executing com.android.build.gradle.internal.tasks.DexMergingTaskDelegate
   > There was a failure while executing work items
      > A failure occurred while executing com.android.build.gradle.internal.tasks.DexMergingWorkAction
         > com.android.builder.dexing.DexArchiveMergerException: Error while merging dex archives: 

* Try:
> Run with --info or --debug option to get more log output.
> Run with --scan to get full insights from a Build Scan (powered by Develocity).
> Get more help at https://help.gradle.org.

* Exception is:
org.gradle.api.tasks.TaskExecutionException: Execution failed for task ':app:mergeExtDexDebug'.
	at org.gradle.api.internal.tasks.execution.ExecuteActionsTaskExecuter.lambda$executeIfValid$1(ExecuteActionsTaskExecuter.java:135)
	at org.gradle.internal.Try$Failure.ifSuccessfulOrElse(Try.java:288)
	at org.gradle.api.internal.tasks.execution.ExecuteActionsTaskExecuter.executeIfValid(ExecuteActionsTaskExecuter.java:133)
	at org.gradle.api.internal.tasks.execution.ExecuteActionsTaskExecuter.execute(ExecuteActionsTaskExecuter.java:121)
	at org.gradle.api.internal.tasks.execution.ProblemsTaskPathTrackingTaskExecuter.execute(ProblemsTaskPathTrackingTaskExecuter.java:41)
	at org.gradle.api.internal.tasks.execution.FinalizePropertiesTaskExecuter.execute(FinalizePropertiesTaskExecuter.java:46)
	at org.gradle.api.internal.tasks.execution.ResolveTaskExecutionModeExecuter.execute(ResolveTaskExecutionModeExecuter.java:51)
	at org.gradle.api.internal.tasks.execution.SkipTaskWithNoActionsExecuter.execute(SkipTaskWithNoActionsExecuter.java:57)
	at org.gradle.api.internal.tasks.execution.SkipOnlyIfTaskExecuter.execute(SkipOnlyIfTaskExecuter.java:74)
	at org.gradle.api.internal.tasks.execution.CatchExceptionTaskExecuter.execute(CatchExceptionTaskExecuter.java:36)
	at org.gradle.api.internal.tasks.execution.EventFiringTaskExecuter$1.executeTask(EventFiringTaskExecuter.java:77)
	at org.gradle.api.internal.tasks.execution.EventFiringTaskExecuter$1.call(EventFiringTaskExecuter.java:55)
	at org.gradle.api.internal.tasks.execution.EventFiringTaskExecuter$1.call(EventFiringTaskExecuter.java:52)
	at org.gradle.internal.operations.DefaultBuildOperationRunner$CallableBuildOperationWorker.execute(DefaultBuildOperationRunner.java:209)
	at org.gradle.internal.operations.DefaultBuildOperationRunner$CallableBuildOperationWorker.execute(DefaultBuildOperationRunner.java:204)
	at org.gradle.internal.operations.DefaultBuildOperationRunner$2.execute(DefaultBuildOperationRunner.java:66)
	at org.gradle.internal.operations.DefaultBuildOperationRunner$2.execute(DefaultBuildOperationRunner.java:59)
	at org.gradle.internal.operations.DefaultBuildOperationRunner.execute(DefaultBuildOperationRunner.java:166)
	at org.gradle.internal.operations.DefaultBuildOperationRunner.execute(DefaultBuildOperationRunner.java:59)
	at org.gradle.internal.operations.DefaultBuildOperationRunner.call(DefaultBuildOperationRunner.java:53)
	at org.gradle.api.internal.tasks.execution.EventFiringTaskExecuter.execute(EventFiringTaskExecuter.java:52)
	at org.gradle.execution.plan.DefaultNodeExecutor.executeLocalTaskNode(DefaultNodeExecutor.java:55)
	at org.gradle.execution.plan.DefaultNodeExecutor.execute(DefaultNodeExecutor.java:34)
	at org.gradle.execution.taskgraph.DefaultTaskExecutionGraph$InvokeNodeExecutorsAction.execute(DefaultTaskExecutionGraph.java:355)
	at org.gradle.execution.taskgraph.DefaultTaskExecutionGraph$InvokeNodeExecutorsAction.execute(DefaultTaskExecutionGraph.java:343)
	at org.gradle.execution.taskgraph.DefaultTaskExecutionGraph$BuildOperationAwareExecutionAction.lambda$execute$0(DefaultTaskExecutionGraph.java:339)
	at org.gradle.internal.operations.CurrentBuildOperationRef.with(CurrentBuildOperationRef.java:84)
	at org.gradle.execution.taskgraph.DefaultTaskExecutionGraph$BuildOperationAwareExecutionAction.execute(DefaultTaskExecutionGraph.java:339)
	at org.gradle.execution.taskgraph.DefaultTaskExecutionGraph$BuildOperationAwareExecutionAction.execute(DefaultTaskExecutionGraph.java:328)
	at org.gradle.execution.plan.DefaultPlanExecutor$ExecutorWorker.execute(DefaultPlanExecutor.java:459)
	at org.gradle.execution.plan.DefaultPlanExecutor$ExecutorWorker.run(DefaultPlanExecutor.java:376)
	at org.gradle.execution.plan.DefaultPlanExecutor.process(DefaultPlanExecutor.java:111)
	at org.gradle.execution.taskgraph.DefaultTaskExecutionGraph.executeWithServices(DefaultTaskExecutionGraph.java:146)
	at org.gradle.execution.taskgraph.DefaultTaskExecutionGraph.execute(DefaultTaskExecutionGraph.java:131)
	at org.gradle.execution.SelectedTaskExecutionAction.execute(SelectedTaskExecutionAction.java:35)
	at org.gradle.execution.BuildOperationFiringBuildWorkerExecutor$ExecuteTasks.call(BuildOperationFiringBuildWorkerExecutor.java:54)
	at org.gradle.execution.BuildOperationFiringBuildWorkerExecutor$ExecuteTasks.call(BuildOperationFiringBuildWorkerExecutor.java:43)
	at org.gradle.internal.operations.DefaultBuildOperationRunner$CallableBuildOperationWorker.execute(DefaultBuildOperationRunner.java:209)
	at org.gradle.internal.operations.DefaultBuildOperationRunner$CallableBuildOperationWorker.execute(DefaultBuildOperationRunner.java:204)
	at org.gradle.internal.operations.DefaultBuildOperationRunner$2.execute(DefaultBuildOperationRunner.java:66)
	at org.gradle.internal.operations.DefaultBuildOperationRunner$2.execute(DefaultBuildOperationRunner.java:59)
	at org.gradle.internal.operations.DefaultBuildOperationRunner.execute(DefaultBuildOperationRunner.java:166)
	at org.gradle.internal.operations.DefaultBuildOperationRunner.execute(DefaultBuildOperationRunner.java:59)
	at org.gradle.internal.operations.DefaultBuildOperationRunner.call(DefaultBuildOperationRunner.java:53)
	at org.gradle.execution.BuildOperationFiringBuildWorkerExecutor.execute(BuildOperationFiringBuildWorkerExecutor.java:40)
	at org.gradle.internal.build.DefaultBuildLifecycleController.lambda$executeTasks$10(DefaultBuildLifecycleController.java:313)
	at org.gradle.internal.model.StateTransitionController.doTransition(StateTransitionController.java:276)
	at org.gradle.internal.model.StateTransitionController.lambda$tryTransition$8(StateTransitionController.java:187)
	at org.gradle.internal.work.DefaultSynchronizer.withLock(DefaultSynchronizer.java:45)
	at org.gradle.internal.model.StateTransitionController.tryTransition(StateTransitionController.java:187)
	at org.gradle.internal.build.DefaultBuildLifecycleController.executeTasks(DefaultBuildLifecycleController.java:304)
	at org.gradle.internal.build.DefaultBuildWorkGraphController$DefaultBuildWorkGraph.runWork(DefaultBuildWorkGraphController.java:220)
	at org.gradle.internal.work.DefaultWorkerLeaseService.lambda$withLocksAcquired$0(DefaultWorkerLeaseService.java:269)
	at org.gradle.internal.work.ResourceLockStatistics$1.measure(ResourceLockStatistics.java:42)
	at org.gradle.internal.work.DefaultWorkerLeaseService.withLocksAcquired(DefaultWorkerLeaseService.java:267)
	at org.gradle.internal.work.DefaultWorkerLeaseService.withLocks(DefaultWorkerLeaseService.java:259)
	at org.gradle.internal.work.DefaultWorkerLeaseService.runAsWorkerThread(DefaultWorkerLeaseService.java:127)
	at org.gradle.composite.internal.DefaultBuildController.doRun(DefaultBuildController.java:181)
	at org.gradle.composite.internal.DefaultBuildController.access$000(DefaultBuildController.java:50)
	at org.gradle.composite.internal.DefaultBuildController$BuildOpRunnable.lambda$run$0(DefaultBuildController.java:198)
	at org.gradle.internal.operations.CurrentBuildOperationRef.with(CurrentBuildOperationRef.java:84)
	at org.gradle.composite.internal.DefaultBuildController$BuildOpRunnable.run(DefaultBuildController.java:198)
	at org.gradle.internal.concurrent.ExecutorPolicy$CatchAndRecordFailures.onExecute(ExecutorPolicy.java:64)
	at org.gradle.internal.concurrent.AbstractManagedExecutor$1.run(AbstractManagedExecutor.java:47)
Caused by: org.gradle.workers.internal.DefaultWorkerExecutor$WorkExecutionException: A failure occurred while executing com.android.build.gradle.internal.tasks.DexMergingTaskDelegate
	at org.gradle.workers.internal.DefaultWorkerExecutor.lambda$submitWork$0(DefaultWorkerExecutor.java:178)
	at org.gradle.internal.work.DefaultConditionalExecutionQueue$ExecutionRunner.runExecution(DefaultConditionalExecutionQueue.java:194)
	at org.gradle.internal.work.DefaultConditionalExecutionQueue$ExecutionRunner.access$700(DefaultConditionalExecutionQueue.java:127)
	at org.gradle.internal.work.DefaultConditionalExecutionQueue$ExecutionRunner$1.run(DefaultConditionalExecutionQueue.java:169)
	at org.gradle.internal.Factories$1.create(Factories.java:30)
	at org.gradle.internal.work.DefaultWorkerLeaseService.lambda$withLocksAcquired$0(DefaultWorkerLeaseService.java:269)
	at org.gradle.internal.work.ResourceLockStatistics$1.measure(ResourceLockStatistics.java:42)
	at org.gradle.internal.work.DefaultWorkerLeaseService.withLocksAcquired(DefaultWorkerLeaseService.java:267)
	at org.gradle.internal.work.DefaultWorkerLeaseService.withLocks(DefaultWorkerLeaseService.java:259)
	at org.gradle.internal.work.DefaultWorkerLeaseService.runAsWorkerThread(DefaultWorkerLeaseService.java:127)
	at org.gradle.internal.work.DefaultWorkerLeaseService.runAsWorkerThread(DefaultWorkerLeaseService.java:132)
	at org.gradle.internal.work.DefaultConditionalExecutionQueue$ExecutionRunner.runBatch(DefaultConditionalExecutionQueue.java:164)
	at org.gradle.internal.work.DefaultConditionalExecutionQueue$ExecutionRunner.run(DefaultConditionalExecutionQueue.java:133)
	... 2 more
Caused by: org.gradle.workers.WorkerExecutionException: There was a failure while executing work items
	at org.gradle.workers.internal.DefaultWorkerExecutor.workerExecutionException(DefaultWorkerExecutor.java:225)
	at org.gradle.workers.internal.DefaultWorkerExecutor.await(DefaultWorkerExecutor.java:207)
	at org.gradle.workers.internal.NoIsolationWorkerFactory$1.lambda$execute$0(NoIsolationWorkerFactory.java:70)
	at org.gradle.workers.internal.AbstractWorker$1.call(AbstractWorker.java:44)
	at org.gradle.workers.internal.AbstractWorker$1.call(AbstractWorker.java:41)
	at org.gradle.internal.operations.DefaultBuildOperationRunner$CallableBuildOperationWorker.execute(DefaultBuildOperationRunner.java:209)
	at org.gradle.internal.operations.DefaultBuildOperationRunner$CallableBuildOperationWorker.execute(DefaultBuildOperationRunner.java:204)
	at org.gradle.internal.operations.DefaultBuildOperationRunner$2.execute(DefaultBuildOperationRunner.java:66)
	at org.gradle.internal.operations.DefaultBuildOperationRunner$2.execute(DefaultBuildOperationRunner.java:59)
	at org.gradle.internal.operations.DefaultBuildOperationRunner.execute(DefaultBuildOperationRunner.java:166)
	at org.gradle.internal.operations.DefaultBuildOperationRunner.execute(DefaultBuildOperationRunner.java:59)
	at org.gradle.internal.operations.DefaultBuildOperationRunner.call(DefaultBuildOperationRunner.java:53)
	at org.gradle.workers.internal.AbstractWorker.executeWrappedInBuildOperation(AbstractWorker.java:41)
	at org.gradle.workers.internal.NoIsolationWorkerFactory$1.execute(NoIsolationWorkerFactory.java:58)
	at org.gradle.workers.internal.DefaultWorkerExecutor.lambda$submitWork$0(DefaultWorkerExecutor.java:176)
	... 14 more
Caused by: org.gradle.workers.internal.DefaultWorkerExecutor$WorkExecutionException: A failure occurred while executing com.android.build.gradle.internal.tasks.DexMergingWorkAction
	at org.gradle.workers.internal.DefaultWorkerExecutor$WorkItemExecution.waitForCompletion(DefaultWorkerExecutor.java:289)
	at org.gradle.internal.work.DefaultAsyncWorkTracker.lambda$waitForItemsAndGatherFailures$2(DefaultAsyncWorkTracker.java:130)
	at org.gradle.internal.Factories$1.create(Factories.java:30)
	at org.gradle.internal.work.DefaultWorkerLeaseService.lambda$withoutLocks$2(DefaultWorkerLeaseService.java:344)
	at org.gradle.internal.work.ResourceLockStatistics$1.measure(ResourceLockStatistics.java:42)
	at org.gradle.internal.work.DefaultWorkerLeaseService.withoutLocks(DefaultWorkerLeaseService.java:342)
	at org.gradle.internal.work.DefaultWorkerLeaseService.withoutLocks(DefaultWorkerLeaseService.java:326)
	at org.gradle.internal.work.DefaultWorkerLeaseService.withoutLock(DefaultWorkerLeaseService.java:331)
	at org.gradle.internal.work.DefaultAsyncWorkTracker.waitForItemsAndGatherFailures(DefaultAsyncWorkTracker.java:126)
	at org.gradle.internal.work.DefaultAsyncWorkTracker.waitForItemsAndGatherFailures(DefaultAsyncWorkTracker.java:88)
	at org.gradle.internal.work.DefaultAsyncWorkTracker.waitForAll(DefaultAsyncWorkTracker.java:78)
	at org.gradle.internal.work.DefaultAsyncWorkTracker.waitForCompletion(DefaultAsyncWorkTracker.java:66)
	at org.gradle.workers.internal.DefaultWorkerExecutor.await(DefaultWorkerExecutor.java:205)
	... 27 more
Caused by: java.lang.RuntimeException: com.android.builder.dexing.DexArchiveMergerException: Error while merging dex archives: 
	at com.android.build.gradle.internal.tasks.DexMergingWorkAction.merge(DexMergingTask.kt:836)
	at com.android.build.gradle.internal.tasks.DexMergingWorkAction.run(DexMergingTask.kt:775)
	at com.android.build.gradle.internal.profile.ProfileAwareWorkAction.execute(ProfileAwareWorkAction.kt:66)
	at org.gradle.workers.internal.DefaultWorkerServer.execute(DefaultWorkerServer.java:68)
	at org.gradle.workers.internal.NoIsolationWorkerFactory$1$1.create(NoIsolationWorkerFactory.java:64)
	at org.gradle.workers.internal.NoIsolationWorkerFactory$1$1.create(NoIsolationWorkerFactory.java:61)
	at org.gradle.internal.classloader.ClassLoaderUtils.executeInClassloader(ClassLoaderUtils.java:102)
	at org.gradle.workers.internal.NoIsolationWorkerFactory$1.lambda$execute$0(NoIsolationWorkerFactory.java:61)
	... 26 more
Caused by: com.android.builder.dexing.DexArchiveMergerException: Error while merging dex archives: 
	at com.android.builder.dexing.D8DexArchiveMerger.getMergingExceptionToRethrow(D8DexArchiveMerger.java:231)
	at com.android.builder.dexing.D8DexArchiveMerger.mergeDexArchives(D8DexArchiveMerger.java:219)
	at com.android.build.gradle.internal.tasks.DexMergingWorkAction.merge(DexMergingTask.kt:820)
	... 33 more
Caused by: com.android.tools.r8.CompilationFailedException: Compilation failed to complete
	at Version.fakeStackEntry(Version_9.1.31.java:0)
	at com.android.tools.r8.r0.a(R8_9.1.31_ffb8f76e0cfe19f6a6aff10b55ad38bc82c7544bc91f5b7fd86bc80f9b2412e7:1)
	at com.android.tools.r8.internal.lw0.a(R8_9.1.31_ffb8f76e0cfe19f6a6aff10b55ad38bc82c7544bc91f5b7fd86bc80f9b2412e7:81)
	at com.android.tools.r8.internal.lw0.a(R8_9.1.31_ffb8f76e0cfe19f6a6aff10b55ad38bc82c7544bc91f5b7fd86bc80f9b2412e7:32)
	at com.android.tools.r8.internal.lw0.a(R8_9.1.31_ffb8f76e0cfe19f6a6aff10b55ad38bc82c7544bc91f5b7fd86bc80f9b2412e7:31)
	at com.android.tools.r8.internal.lw0.b(R8_9.1.31_ffb8f76e0cfe19f6a6aff10b55ad38bc82c7544bc91f5b7fd86bc80f9b2412e7:2)
	at com.android.tools.r8.D8.run(R8_9.1.31_ffb8f76e0cfe19f6a6aff10b55ad38bc82c7544bc91f5b7fd86bc80f9b2412e7:11)
	at com.android.builder.dexing.D8DexArchiveMerger.mergeDexArchives(D8DexArchiveMerger.java:217)
	... 34 more
Caused by: java.lang.OutOfMemoryError: Java heap space
	at com.android.tools.r8.ByteBufferProvider.acquireByteBuffer(R8_9.1.31_ffb8f76e0cfe19f6a6aff10b55ad38bc82c7544bc91f5b7fd86bc80f9b2412e7:1)
	at com.android.tools.r8.DexIndexedConsumer.acquireByteBuffer(R8_9.1.31_ffb8f76e0cfe19f6a6aff10b55ad38bc82c7544bc91f5b7fd86bc80f9b2412e7)
	at com.android.tools.r8.dex.v.b(R8_9.1.31_ffb8f76e0cfe19f6a6aff10b55ad38bc82c7544bc91f5b7fd86bc80f9b2412e7:1)
	at com.android.tools.r8.dex.v.c(R8_9.1.31_ffb8f76e0cfe19f6a6aff10b55ad38bc82c7544bc91f5b7fd86bc80f9b2412e7:5)
	at com.android.tools.r8.dex.v.a(R8_9.1.31_ffb8f76e0cfe19f6a6aff10b55ad38bc82c7544bc91f5b7fd86bc80f9b2412e7:11)
	at com.android.tools.r8.dex.j0.a(R8_9.1.31_ffb8f76e0cfe19f6a6aff10b55ad38bc82c7544bc91f5b7fd86bc80f9b2412e7:686)
	at com.android.tools.r8.dex.j0$$Lambda$8958/0x00007f6241fec508.accept(Unknown Source)
	at com.android.tools.r8.dex.j0.a(R8_9.1.31_ffb8f76e0cfe19f6a6aff10b55ad38bc82c7544bc91f5b7fd86bc80f9b2412e7:477)
	at com.android.tools.r8.dex.j0.a(R8_9.1.31_ffb8f76e0cfe19f6a6aff10b55ad38bc82c7544bc91f5b7fd86bc80f9b2412e7:240)
	at com.android.tools.r8.dex.j.a(R8_9.1.31_ffb8f76e0cfe19f6a6aff10b55ad38bc82c7544bc91f5b7fd86bc80f9b2412e7:92)
	at com.android.tools.r8.dex.j$$Lambda$8949/0x00007f6241fe88e0.get(Unknown Source)
	at com.android.tools.r8.internal.dh4.a(R8_9.1.31_ffb8f76e0cfe19f6a6aff10b55ad38bc82c7544bc91f5b7fd86bc80f9b2412e7:4)
	at com.android.tools.r8.dex.j.a(R8_9.1.31_ffb8f76e0cfe19f6a6aff10b55ad38bc82c7544bc91f5b7fd86bc80f9b2412e7:747)
	at com.android.tools.r8.dex.j.b(R8_9.1.31_ffb8f76e0cfe19f6a6aff10b55ad38bc82c7544bc91f5b7fd86bc80f9b2412e7:30)
	at com.android.tools.r8.dex.j.a(R8_9.1.31_ffb8f76e0cfe19f6a6aff10b55ad38bc82c7544bc91f5b7fd86bc80f9b2412e7:150)
	at com.android.tools.r8.dex.j$$Lambda$8930/0x00007f6241fe46e0.apply(Unknown Source)
	at com.android.tools.r8.internal.eg4.a(R8_9.1.31_ffb8f76e0cfe19f6a6aff10b55ad38bc82c7544bc91f5b7fd86bc80f9b2412e7:2)
	at com.android.tools.r8.internal.eg4$$Lambda$8455/0x00007f6241ee71d8.a(Unknown Source)
	at com.android.tools.r8.internal.eg4.a(R8_9.1.31_ffb8f76e0cfe19f6a6aff10b55ad38bc82c7544bc91f5b7fd86bc80f9b2412e7:17)
	at com.android.tools.r8.internal.eg4$$Lambda$8273/0x00007f6241e6a228.call(Unknown Source)


BUILD FAILED in 10m 38s
38 actionable tasks: 38 executed
Configuration cache entry stored.
